[debug] [2026-08-09T14:52:46.014Z] ----------------------------------------------------------------------
[debug] [2026-08-09T14:52:46.019Z] Command:       /Users/devinnovations/.nvm/versions/node/v22.21.1/bin/node /Users/devinnovations/.nvm/versions/node/v22.21.1/bin/firebase deploy
[debug] [2026-08-09T14:52:46.019Z] CLI Version:   15.18.0
[debug] [2026-08-09T14:52:46.019Z] Platform:      darwin
[debug] [2026-08-09T14:52:46.019Z] Node Version:  v22.21.1
[debug] [2026-08-09T14:52:46.019Z] Time:          Sun Aug 09 2026 20:22:46 GMT+0530 (India Standard Time)
[debug] [2026-08-09T14:52:46.019Z] ----------------------------------------------------------------------
[debug] 
[debug] [2026-08-09T14:52:46.020Z] >>> [apiv2][query] GET https://firebase-public.firebaseio.com/cli.json [none]
[debug] [2026-08-09T14:52:46.722Z] > command requires scopes: ["email","openid","https://www.googleapis.com/auth/cloudplatformprojects.readonly","https://www.googleapis.com/auth/firebase","https://www.googleapis.com/auth/cloud-platform"]
[debug] [2026-08-09T14:52:46.722Z] > authorizing via signed-in user (dev.labs036@gmail.com)
[debug] [2026-08-09T14:52:46.722Z] [iam] checking project theroac-dashboard for permissions ["firebase.projects.get","firebasehosting.sites.update"]
[debug] [2026-08-09T14:52:46.723Z] Checked if tokens are valid: false, expires at: 1786191599942
[debug] [2026-08-09T14:52:46.723Z] Checked if tokens are valid: false, expires at: 1786191599942
[debug] [2026-08-09T14:52:46.723Z] > refreshing access token with scopes: []
[debug] [2026-08-09T14:52:46.723Z] >>> [apiv2][query] POST https://www.googleapis.com/oauth2/v3/token [none]
[debug] [2026-08-09T14:52:46.723Z] >>> [apiv2][body] POST https://www.googleapis.com/oauth2/v3/token [omitted]
[debug] [2026-08-09T14:52:46.916Z] <<< [apiv2][status] POST https://www.googleapis.com/oauth2/v3/token 200
[debug] [2026-08-09T14:52:46.916Z] <<< [apiv2][body] POST https://www.googleapis.com/oauth2/v3/token [omitted]
[debug] [2026-08-09T14:52:46.928Z] >>> [apiv2][query] POST https://cloudresourcemanager.googleapis.com/v1/projects/theroac-dashboard:testIamPermissions [none]
[debug] [2026-08-09T14:52:46.928Z] >>> [apiv2][(partial)header] POST https://cloudresourcemanager.googleapis.com/v1/projects/theroac-dashboard:testIamPermissions  x-goog-user-project=theroac-dashboard
[debug] [2026-08-09T14:52:46.928Z] >>> [apiv2][body] POST https://cloudresourcemanager.googleapis.com/v1/projects/theroac-dashboard:testIamPermissions {"permissions":["firebase.projects.get","firebasehosting.sites.update"]}
[debug] [2026-08-09T14:52:47.328Z] <<< [apiv2][status] GET https://firebase-public.firebaseio.com/cli.json 200
[debug] [2026-08-09T14:52:47.328Z] <<< [apiv2][body] GET https://firebase-public.firebaseio.com/cli.json {"cloudBuildErrorAfter":1594252800000,"cloudBuildWarnAfter":1590019200000,"defaultNode10After":1594252800000,"minVersion":"3.0.5","node8DeploysDisabledAfter":1613390400000,"node8RuntimeDisabledAfter":1615809600000,"node8WarnAfter":1600128000000}
[debug] [2026-08-09T14:52:48.504Z] <<< [apiv2][status] POST https://cloudresourcemanager.googleapis.com/v1/projects/theroac-dashboard:testIamPermissions 400
[debug] [2026-08-09T14:52:48.504Z] <<< [apiv2][body] POST https://cloudresourcemanager.googleapis.com/v1/projects/theroac-dashboard:testIamPermissions {"error":{"code":400,"message":"Project 'projects/theroac-dashboard' not found or deleted.","status":"INVALID_ARGUMENT","details":[{"@type":"type.googleapis.com/google.rpc.ErrorInfo","reason":"USER_PROJECT_DENIED","domain":"googleapis.com","metadata":{"containerInfo":"projects/theroac-dashboard","consumer":"projects/theroac-dashboard","service":"cloudresourcemanager.googleapis.com"}}]}}
[debug] [2026-08-09T14:52:48.506Z] [iam] error while checking permissions, command may fail: Request to https://cloudresourcemanager.googleapis.com/v1/projects/theroac-dashboard:testIamPermissions had HTTP Error: 400, Project 'projects/theroac-dashboard' not found or deleted.
[debug] [2026-08-09T14:52:48.506Z] Checked if tokens are valid: true, expires at: 1786290765916
[debug] [2026-08-09T14:52:48.506Z] Checked if tokens are valid: true, expires at: 1786290765916
[debug] [2026-08-09T14:52:48.507Z] >>> [apiv2][query] GET https://firebase.googleapis.com/v1beta1/projects/theroac-dashboard [none]
[debug] [2026-08-09T14:52:49.982Z] <<< [apiv2][status] GET https://firebase.googleapis.com/v1beta1/projects/theroac-dashboard 403
[debug] [2026-08-09T14:52:49.983Z] <<< [apiv2][body] GET https://firebase.googleapis.com/v1beta1/projects/theroac-dashboard {"error":{"code":403,"message":"The caller does not have permission","status":"PERMISSION_DENIED"}}
[debug] [2026-08-09T14:52:49.983Z] Request to https://firebase.googleapis.com/v1beta1/projects/theroac-dashboard had HTTP Error: 403, The caller does not have permission
[debug] [2026-08-09T14:52:50.196Z] FirebaseError: Request to https://firebase.googleapis.com/v1beta1/projects/theroac-dashboard had HTTP Error: 403, The caller does not have permission
    at responseToError (/Users/devinnovations/.nvm/versions/node/v22.21.1/lib/node_modules/firebase-tools/lib/responseToError.js:53:12)
    at RetryOperation._fn (/Users/devinnovations/.nvm/versions/node/v22.21.1/lib/node_modules/firebase-tools/lib/apiv2.js:333:77)
    at process.processTicksAndRejections (node:internal/process/task_queues:105:5)
[error] 
[error] Error: Failed to get Firebase project theroac-dashboard. Please make sure the project exists and your account has permission to access it.
